
> trak@0.1.0 build C:\Users\samcu\.gemini\antigravity\scratch\trak
> next build

   Γû▓ Next.js 15.1.9
   - Environments: .env.local

   Creating an optimized production build ...
 Γ£ô Compiled successfully
   Linting and checking validity of types ...
node.exe : 
At C:\Users\samcu\AppData\Roaming\npm\pnpm.ps1:24 char:5
+     & "node$exe"  "$basedir/node_modules/pnpm/bin/pnpm.cjs" 
$args
+     
~~~~~~~~~~~~~~~~~~~~~~~~~~~~~~~~~~~~~~~~~~~~~~~~~~~~~~~~~~~~~
    + CategoryInfo          : NotSpecified: (:String) [], Rem 
   oteException
    + FullyQualifiedErrorId : NativeCommandError
 
Failed to compile.

./src/app/profile/ProfileClient.tsx
163:60  Error: Unexpected any. Specify a different type.  
@typescript-eslint/no-explicit-any

info  - Need to disable some ESLint rules? Learn more here: ht
tps://nextjs.org/docs/app/api-reference/config/eslint#disablin
g-rules
ΓÇëELIFECYCLEΓÇë Command failed with exit code 1.
